
Memory Configuration

Name             Origin             Length             Attributes
Mem              0x00000000         0x04000000         xrw
*default*        0x00000000         0xffffffff

Linker script and memory map

                0x00010000                . = 0x10000

.reset          0x00010000       0x10
 startup.o(.text)
 .text          0x00010000       0x10 Startup.o
                0x00010000                reset

.text           0x00010010       0x70
 *(.text)
 .text          0x00010010       0x20 app.o
                0x00010010                main
 .text          0x00010030       0x50 uart.o
                0x00010030                Uart_Send_String
 *(.rodata)

.glue_7         0x00010080        0x0
 .glue_7        0x00000000        0x0 linker stubs

.glue_7t        0x00010080        0x0
 .glue_7t       0x00000000        0x0 linker stubs

.vfp11_veneer   0x00010080        0x0
 .vfp11_veneer  0x00000000        0x0 linker stubs

.v4_bx          0x00010080        0x0
 .v4_bx         0x00000000        0x0 linker stubs

.iplt           0x00010080        0x0
 .iplt          0x00000000        0x0 Startup.o

.rel.dyn        0x00010080        0x0
 .rel.iplt      0x00000000        0x0 Startup.o

.data           0x00010080       0x64
 *(.data)
 .data          0x00010080        0x0 Startup.o
 .data          0x00010080       0x64 app.o
                0x00010080                string_buffer
 .data          0x000100e4        0x0 uart.o

.igot.plt       0x000100e4        0x0
 .igot.plt      0x00000000        0x0 Startup.o

.bss            0x000100e4        0x0
 *(.bss)
 .bss           0x000100e4        0x0 Startup.o
 .bss           0x000100e4        0x0 app.o
 .bss           0x000100e4        0x0 uart.o
 *(.COMMON)
                0x000110e4                . = (. + 0x1000)
                0x000110e4                stack_top = .
LOAD app.o
LOAD uart.o
LOAD Startup.o
OUTPUT(learn-in-depth.elf elf32-littlearm)

.ARM.attributes
                0x00000000       0x2e
 .ARM.attributes
                0x00000000       0x22 Startup.o
 .ARM.attributes
                0x00000022       0x30 app.o
 .ARM.attributes
                0x00000052       0x30 uart.o

.comment        0x00000000       0x11
 .comment       0x00000000       0x11 app.o
                                 0x12 (size before relaxing)
 .comment       0x00000000       0x12 uart.o

.debug_line     0x00000000       0x3a
 .debug_line    0x00000000       0x3a Startup.o

.debug_info     0x00000000       0x4a
 .debug_info    0x00000000       0x4a Startup.o

.debug_abbrev   0x00000000       0x14
 .debug_abbrev  0x00000000       0x14 Startup.o

.debug_aranges  0x00000000       0x20
 .debug_aranges
                0x00000000       0x20 Startup.o
