
Memory Configuration

Name             Origin             Length             Attributes
Mem              0x00000000         0x04000000         xrw
*default*        0x00000000         0xffffffff

Linker script and memory map

                0x00100000                . = 0x100000

.reset          0x00100000       0x10
 startup.o(.text)
 .text          0x00100000       0x10 Startup.o
                0x00100000                reset

.text           0x00100010       0x68
 *(.text)
 .text          0x00100010       0x18 app.o
                0x00100010                main
 .text          0x00100028       0x50 Uart.o
                0x00100028                Uart_Send_String
 *(.rodata)

.glue_7         0x00100078        0x0
 .glue_7        0x00000000        0x0 linker stubs

.glue_7t        0x00100078        0x0
 .glue_7t       0x00000000        0x0 linker stubs

.vfp11_veneer   0x00100078        0x0
 .vfp11_veneer  0x00000000        0x0 linker stubs

.v4_bx          0x00100078        0x0
 .v4_bx         0x00000000        0x0 linker stubs

.iplt           0x00100078        0x0
 .iplt          0x00000000        0x0 Startup.o

.rel.dyn        0x00100078        0x0
 .rel.iplt      0x00000000        0x0 Startup.o

.data           0x00100078       0x64
 *(.data)
 .data          0x00100078        0x0 Startup.o
 .data          0x00100078       0x64 app.o
                0x00100078                String_buffer
 .data          0x001000dc        0x0 Uart.o

.igot.plt       0x001000dc        0x0
 .igot.plt      0x00000000        0x0 Startup.o

.bss            0x001000dc        0x0
 *(.bss)
 .bss           0x001000dc        0x0 Startup.o
 .bss           0x001000dc        0x0 app.o
 .bss           0x001000dc        0x0 Uart.o
 *(COMMON)
                0x001010dc                . = (. + 0x1000)
                0x001010dc                stack_top = .
LOAD app.o
LOAD Uart.o
LOAD Startup.o
OUTPUT(learn-in-depth.elf elf32-littlearm)

.ARM.attributes
                0x00000000       0x2e
 .ARM.attributes
                0x00000000       0x22 Startup.o
 .ARM.attributes
                0x00000022       0x32 app.o
 .ARM.attributes
                0x00000054       0x32 Uart.o

.comment        0x00000000       0x11
 .comment       0x00000000       0x11 app.o
                                 0x12 (size before relaxing)
 .comment       0x00000000       0x12 Uart.o

.debug_info     0x00000000       0xc8
 .debug_info    0x00000000       0x6c app.o
 .debug_info    0x0000006c       0x5c Uart.o

.debug_abbrev   0x00000000       0xab
 .debug_abbrev  0x00000000       0x5a app.o
 .debug_abbrev  0x0000005a       0x51 Uart.o

.debug_loc      0x00000000       0x58
 .debug_loc     0x00000000       0x2c app.o
 .debug_loc     0x0000002c       0x2c Uart.o

.debug_aranges  0x00000000       0x40
 .debug_aranges
                0x00000000       0x20 app.o
 .debug_aranges
                0x00000020       0x20 Uart.o

.debug_line     0x00000000       0x72
 .debug_line    0x00000000       0x35 app.o
 .debug_line    0x00000035       0x3d Uart.o

.debug_str      0x00000000       0x78
 .debug_str     0x00000000       0x54 app.o
 .debug_str     0x00000054       0x24 Uart.o
                                 0x56 (size before relaxing)

.debug_frame    0x00000000       0x54
 .debug_frame   0x00000000       0x2c app.o
 .debug_frame   0x0000002c       0x28 Uart.o
